../Core/Src/main.c:125:5:main	8	static
../Core/Src/main.c:220:6:SystemClock_Config	88	static
../Core/Src/main.c:268:13:MX_I2C1_Init	8	static
../Core/Src/main.c:302:13:MX_GPIO_Init	48	static
../Core/Src/main.c:381:6:StartKeypadTask	40	static
../Core/Src/main.c:435:6:StartLCDTask	48	static
../Core/Src/main.c:489:6:StartLEDsTask	16	static
../Core/Src/main.c:524:6:StartPIRTask	16	static
../Core/Src/main.c:551:6:StartBuzzerTask	16	static
../Core/Src/main.c:575:6:HAL_TIM_PeriodElapsedCallback	16	static
../Core/Src/main.c:592:6:Error_Handler	4	static,ignoring_inline_asm
