../Core/Src/main.c:127:5:main	8	static
../Core/Src/main.c:222:6:SystemClock_Config	88	static
../Core/Src/main.c:270:13:MX_I2C1_Init	8	static
../Core/Src/main.c:304:13:MX_GPIO_Init	48	static
../Core/Src/main.c:389:6:StartKeypadTask	40	static
../Core/Src/main.c:455:6:StartLCDTask	48	static
../Core/Src/main.c:519:6:StartLEDsTask	16	static
../Core/Src/main.c:554:6:StartPIRTask	16	static
../Core/Src/main.c:592:6:StartBuzzerTask	16	static
../Core/Src/main.c:628:6:HAL_TIM_PeriodElapsedCallback	16	static
../Core/Src/main.c:645:6:Error_Handler	4	static,ignoring_inline_asm
